error: #[pages(_)] can only accept values larger than 2.
 --> $DIR/wrong_page.rs:3:1
  |
3 | / generate_solution_type!(
4 | |     #[pages(1)] pub struct TestSolution::<
5 | |         VoterIndex = u8,
6 | |         TargetIndex = u16,
7 | |         Accuracy = Perbill,
8 | |     >(8)
9 | | );
  | |__^
  |
  = note: this error originates in a macro (in Nightly builds, run with -Z macro-backtrace for more info)
