error: Unexpected duplicated attribute
  --> $DIR/duplicate_store_attr.rs:11:12
   |
11 |     #[pallet::generate_store(trait Store)]
   |               ^^^^^^^^^^^^^^
